Copyright 1986-2021 Xilinx, Inc. All Rights Reserved.
----------------------------------------------------------------------------------------
| Tool Version : Vivado v.2021.2 (lin64) Build 3367213 Tue Oct 19 02:47:39 MDT 2021
| Date         : Mon Sep 30 06:14:08 2024
| Host         : nct-epic running 64-bit Debian GNU/Linux 12 (bookworm)
| Command      : report_control_sets -verbose -file top_display_control_sets_placed.rpt
| Design       : top_display
| Device       : xcvu9p
----------------------------------------------------------------------------------------

Control Set Information

Table of Contents
-----------------
1. Summary
2. Histogram
3. Flip-Flop Distribution
4. Detailed Control Set Information

1. Summary
----------

+----------------------------------------------------------+-------+
|                          Status                          | Count |
+----------------------------------------------------------+-------+
| Total control sets                                       |    83 |
|    Minimum number of control sets                        |    75 |
|    Addition due to synthesis replication                 |     0 |
|    Addition due to physical synthesis replication        |     8 |
| Unused register locations in slices containing registers |   138 |
+----------------------------------------------------------+-------+
* Control sets can be merged at opt_design using control_set_merge or merge_equivalent_drivers
** Run report_qor_suggestions for automated merging and remapping suggestions


2. Histogram
------------

+--------------------+-------+
|       Fanout       | Count |
+--------------------+-------+
| Total control sets |    83 |
| >= 0 to < 4        |     8 |
| >= 4 to < 6        |    10 |
| >= 6 to < 8        |     2 |
| >= 8 to < 10       |     3 |
| >= 10 to < 12      |     2 |
| >= 12 to < 14      |     1 |
| >= 14 to < 16      |     0 |
| >= 16              |    57 |
+--------------------+-------+
* Control sets can be remapped at either synth_design or opt_design


3. Flip-Flop Distribution
-------------------------

+--------------+-----------------------+------------------------+-----------------+--------------+
| Clock Enable | Synchronous Set/Reset | Asynchronous Set/Reset | Total Registers | Total Slices |
+--------------+-----------------------+------------------------+-----------------+--------------+
| No           | No                    | No                     |           55971 |         8726 |
| No           | No                    | Yes                    |               0 |            0 |
| No           | Yes                   | No                     |             531 |          143 |
| Yes          | No                    | No                     |           54682 |        10060 |
| Yes          | No                    | Yes                    |               0 |            0 |
| Yes          | Yes                   | No                     |             170 |           30 |
+--------------+-----------------------+------------------------+-----------------+--------------+


4. Detailed Control Set Information
-----------------------------------

+-----------------------------------------------------------------+--------------------------------------------------------------+-------------------------------------------------------------------------+------------------+----------------+--------------+
|                           Clock Signal                          |                         Enable Signal                        |                             Set/Reset Signal                            | Slice Load Count | Bel Load Count | Bels / Slice |
+-----------------------------------------------------------------+--------------------------------------------------------------+-------------------------------------------------------------------------+------------------+----------------+--------------+
|  serial_and_pix_clks/inst/clk_out_100MHz                        |                                                              | raymarcher/ss/msdi_1/tp/tp/act1/p_7_out_1                               |                1 |              1 |         1.00 |
|  serial_and_pix_clks/inst/clk_out_100MHz                        |                                                              | raymarcher/ss/msdi_1/tc/p_7_out                                         |                1 |              1 |         1.00 |
|  serial_and_pix_clks/inst/clk_out_100MHz                        | raymarcher/ss/msdi_3/tp/tp/act1/CEA1                         | raymarcher/ss/msdi_3/tp/tp/act1/fmatan2scale/out_valid_reg_reg[36]__0_3 |                1 |              1 |         1.00 |
|  serial_and_pix_clks/inst/clk_out_100MHz                        | raymarcher/ss/msdi_2/tp/tp/act1/CEA1                         | raymarcher/ss/msdi_2/tp/tp/act1/fmatan2scale/out_valid_reg_reg[36]__0_3 |                1 |              1 |         1.00 |
|  serial_and_pix_clks/inst/clk_out_100MHz                        | raymarcher/ss/msdi_1/tp/tp/act1/CEA1                         | raymarcher/ss/msdi_1/tp/tp/act1/fmatan2scale/out_valid_reg_reg[36]__0_3 |                1 |              1 |         1.00 |
|  serial_and_pix_clks/inst/clk_out_100MHz                        | raymarcher/ss/msdi_4/tp/tp/act1/CEA1                         | raymarcher/ss/msdi_4/tp/tp/act1/fmatan2scale/out_valid_reg_reg[36]__0_3 |                1 |              1 |         1.00 |
|  serial_and_pix_clks/inst/clk_out_100MHz                        |                                                              | raymarcher/ss/msdi_2/tc/p_7_out                                         |                1 |              1 |         1.00 |
|  serial_and_pix_clks/inst/clk_out_100MHz                        |                                                              | raymarcher/ss/msdi_3/tc/p_7_out                                         |                1 |              1 |         1.00 |
|  serial_and_pix_clks/inst/clk_out_100MHz                        |                                                              | raymarcher/fm1/reg_out_valid_reg[8]__0_0                                |                3 |              4 |         1.33 |
|  serial_and_pix_clks/inst/clk_out_100MHz                        |                                                              | raymarcher/ss/msdi_2/tc/tc/sc1/y[1][41]_i_1__5_n_0                      |                1 |              5 |         5.00 |
|  serial_and_pix_clks/inst/clk_out_100MHz                        |                                                              | raymarcher/ss/msdi_1/tc/tc/sc1/y[1][41]_i_1__1_n_0                      |                2 |              5 |         2.50 |
|  serial_and_pix_clks/inst/clk_out_100MHz                        |                                                              | raymarcher/ss/msdi_3/tc/tc/sc1/y[1][41]_i_1__9_n_0                      |                1 |              5 |         5.00 |
|  serial_and_pix_clks/inst/clk_out_100MHz                        |                                                              | raymarcher/ss/msdi_4/tc/tc/sc1/y[1][41]_i_1__13_n_0                     |                2 |              5 |         2.50 |
|  serial_and_pix_clks/inst/clk_out_100MHz                        |                                                              | raymarcher/ss/ld/invn/leadingone/out_valid_reg_reg[6]__0_n_0            |                4 |              5 |         1.25 |
|  serial_and_pix_clks/inst/clk_out_100MHz                        | raymarcher/fm1/break_cond                                    |                                                                         |                3 |              5 |         1.67 |
|  serial_and_pix_clks/inst/clk_out_100MHz                        | raymarcher/fm1/break_cond                                    | raymarcher/fm1/x_reg[10]                                                |                2 |              5 |         2.50 |
|  serial_and_pix_clks/inst/clk_out_100MHz                        | raymarcher/fm1/E[0]                                          | raymarcher/fm1/SR[0]                                                    |                1 |              5 |         5.00 |
|  serial_and_pix_clks/inst/clk_out_74_25MHz                      |                                                              | bth/CounterX_reg[1]                                                     |                2 |              5 |         2.50 |
|  serial_and_pix_clks/inst/clk_out_100MHz                        |                                                              | raymarcher/next_mb_iter                                                 |                4 |              7 |         1.75 |
| ~serial_and_pix_clks/inst/clk_out_371_25MHz                     |                                                              |                                                                         |                3 |              7 |         2.33 |
|  serial_and_pix_clks/inst/clk_out_371_25MHz_clk_wiz_720p_en_clk |                                                              |                                                                         |                1 |              8 |         8.00 |
|  serial_and_pix_clks/inst/clk_out_100MHz_clk_wiz_720p_en_clk    |                                                              |                                                                         |                1 |              8 |         8.00 |
|  serial_and_pix_clks/inst/clk_out_74_25MHz_clk_wiz_720p_en_clk  |                                                              |                                                                         |                1 |              8 |         8.00 |
|  serial_and_pix_clks/inst/clk_out_100MHz                        | raymarcher/fm1/x_reg[6]                                      | raymarcher/fm1/y_reg[5]                                                 |                3 |             10 |         3.33 |
|  serial_and_pix_clks/inst/clk_out_100MHz                        |                                                              | raymarcher/msg[epsilon][64]_i_1_n_0                                     |                6 |             11 |         1.83 |
|  serial_and_pix_clks/inst/clk_out_74_25MHz                      | bth/E[0]                                                     |                                                                         |                3 |             13 |         4.33 |
|  serial_and_pix_clks/inst/clk_out_100MHz                        |                                                              | raymarcher/debounce_BTNC/PB_idle                                        |                3 |             20 |         6.67 |
|  serial_and_pix_clks/inst/clk_out_100MHz                        |                                                              | raymarcher/debounce_BTNL/PB_idle                                        |                3 |             20 |         6.67 |
|  serial_and_pix_clks/inst/clk_out_100MHz                        |                                                              | raymarcher/debounce_BTND/PB_idle                                        |                3 |             20 |         6.67 |
|  serial_and_pix_clks/inst/clk_out_100MHz                        |                                                              | raymarcher/debounce_BTNU/PB_idle                                        |                3 |             20 |         6.67 |
|  serial_and_pix_clks/inst/clk_out_100MHz                        | raymarcher/fm1/break_cond                                    | raymarcher/fm1/x_reg[10]_0                                              |                3 |             20 |         6.67 |
|  serial_and_pix_clks/inst/clk_out_100MHz                        |                                                              | raymarcher/debounce_BTNR/PB_idle                                        |                3 |             20 |         6.67 |
|  serial_and_pix_clks/inst/clk_out_100MHz                        | raymarcher/fm1/E[0]                                          |                                                                         |                7 |             20 |         2.86 |
|  serial_and_pix_clks/inst/clk_out_74_25MHz                      |                                                              | DrawArea                                                                |               12 |             31 |         2.58 |
|  serial_and_pix_clks/inst/clk_out_100MHz                        |                                                              | raymarcher/ss/msdi_3/dr_zr/drzr/p8/CEA1                                 |                6 |             35 |         5.83 |
|  serial_and_pix_clks/inst/clk_out_100MHz                        |                                                              | raymarcher/ss/msdi_2/dr_zr/drzr/p8/CEA1                                 |                5 |             35 |         7.00 |
|  serial_and_pix_clks/inst/clk_out_100MHz                        |                                                              | raymarcher/ss/msdi_1/dr_zr/drzr/p8/CEA1                                 |                7 |             35 |         5.00 |
|  serial_and_pix_clks/inst/clk_out_100MHz                        |                                                              | raymarcher/ss/msdi_4/dr_zr/drzr/p8/CEA1                                 |               15 |             35 |         2.33 |
|  serial_and_pix_clks/inst/clk_out_371_25MHz                     |                                                              |                                                                         |               18 |             37 |         2.06 |
|  serial_and_pix_clks/inst/clk_out_100MHz                        | raymarcher/ss/msdi_2/tc/tc/sc1/valid1_0_bufg_place_replica   |                                                                         |                6 |             43 |         7.17 |
|  serial_and_pix_clks/inst/clk_out_100MHz                        | raymarcher/ss/msdi_1/tc/tc/sc1/valid1_0_bufg_place_replica   |                                                                         |                6 |             43 |         7.17 |
|  serial_and_pix_clks/inst/clk_out_100MHz                        | raymarcher/ss/msdi_4/tc/tc/sc1/valid1_bufg_place_replica     |                                                                         |                6 |             43 |         7.17 |
|  serial_and_pix_clks/inst/clk_out_100MHz                        | raymarcher/ss/msdi_3/tc/tc/sc1/valid1_0_bufg_place_replica   |                                                                         |                6 |             43 |         7.17 |
|  serial_and_pix_clks/inst/clk_out_74_25MHz                      |                                                              |                                                                         |               21 |             51 |         2.43 |
|  serial_and_pix_clks/inst/clk_out_100MHz                        | raymarcher/fm1/x_reg[6]                                      | raymarcher/fm1/x_reg[10]_0                                              |                8 |             61 |         7.62 |
|  serial_and_pix_clks/inst/clk_out_100MHz                        | raymarcher/debounce_BTND/camera_z                            |                                                                         |                8 |             62 |         7.75 |
|  serial_and_pix_clks/inst/clk_out_100MHz                        | raymarcher/debounce_BTNL/camera_y                            |                                                                         |                9 |             64 |         7.11 |
|  serial_and_pix_clks/inst/clk_out_100MHz                        | raymarcher/fm1/break_cond                                    | raymarcher/fm1/x_reg[6]                                                 |                9 |             65 |         7.22 |
|  serial_and_pix_clks/inst/clk_out_100MHz                        | raymarcher/debounce_BTNC/PB_state_reg_0                      |                                                                         |                9 |             65 |         7.22 |
|  serial_and_pix_clks/inst/clk_out_100MHz                        |                                                              | raymarcher/ss/ld/approxmult_dst2/val_reg[1]__0_n_0                      |               17 |             65 |         3.82 |
|  serial_and_pix_clks/inst/clk_out_100MHz                        | raymarcher/ss/msdi_4/tp/tp/act1/CEA1_bufg_place_replica      |                                                                         |               14 |             90 |         6.43 |
|  serial_and_pix_clks/inst/clk_out_100MHz                        | raymarcher/ss/msdi_1/tp/tp/act1/CEA1_bufg_place_replica      |                                                                         |               15 |             90 |         6.00 |
|  serial_and_pix_clks/inst/clk_out_100MHz                        | raymarcher/ss/msdi_2/tp/tp/act1/CEA1_bufg_place_replica      |                                                                         |               15 |             90 |         6.00 |
|  serial_and_pix_clks/inst/clk_out_100MHz                        | raymarcher/ss/msdi_3/tp/tp/act1/CEA1_bufg_place_replica      |                                                                         |               13 |             90 |         6.92 |
|  serial_and_pix_clks/inst/clk_out_100MHz                        |                                                              | raymarcher/fm1/break_cond                                               |               37 |            139 |         3.76 |
|  serial_and_pix_clks/inst/clk_out_100MHz                        | raymarcher/ss/msdi_1/dr_zr/drzr/p8/CEA1                      |                                                                         |               94 |            478 |         5.09 |
|  serial_and_pix_clks/inst/clk_out_100MHz                        | raymarcher/ss/msdi_4/dr_zr/drzr/p8/CEA1                      |                                                                         |               95 |            478 |         5.03 |
|  serial_and_pix_clks/inst/clk_out_100MHz                        | raymarcher/ss/msdi_2/dr_zr/drzr/p8/CEA1                      |                                                                         |               90 |            478 |         5.31 |
|  serial_and_pix_clks/inst/clk_out_100MHz                        | raymarcher/ss/msdi_3/dr_zr/drzr/p8/CEA1                      |                                                                         |               98 |            478 |         4.88 |
|  serial_and_pix_clks/inst/clk_out_100MHz                        | raymarcher/ss/ld/approxmult_dst1/valid3                      |                                                                         |              121 |            522 |         4.31 |
|  serial_and_pix_clks/inst/clk_out_100MHz                        | raymarcher/ss/ld/lg2/valid2                                  |                                                                         |              103 |            522 |         5.07 |
|  serial_and_pix_clks/inst/clk_out_100MHz                        | raymarcher/ss/msdi_4/tp/tp/act2/out_valid_reg_reg[36]__0_1   |                                                                         |              631 |            766 |         1.21 |
|  serial_and_pix_clks/inst/clk_out_100MHz                        | raymarcher/ss/msdi_3/tp/tp/act2/out_valid_reg_reg[36]__0_1   |                                                                         |              599 |            766 |         1.28 |
|  serial_and_pix_clks/inst/clk_out_100MHz                        | raymarcher/ss/msdi_2/tp/tp/act2/out_valid_reg_reg[36]__0_1   |                                                                         |              613 |            766 |         1.25 |
|  serial_and_pix_clks/inst/clk_out_100MHz                        | raymarcher/ss/msdi_1/tp/tp/act2/out_valid_reg_reg[36]__0_1   |                                                                         |              567 |            766 |         1.35 |
|  serial_and_pix_clks/inst/clk_out_100MHz                        | raymarcher/ss/msdi_1/dr_zr/drzr/approxmult_drzr/val_reg[1]_0 |                                                                         |              323 |            802 |         2.48 |
|  serial_and_pix_clks/inst/clk_out_100MHz                        | raymarcher/ss/msdi_3/dr_zr/drzr/approxmult_drzr/val_reg[1]_0 |                                                                         |              356 |            802 |         2.25 |
|  serial_and_pix_clks/inst/clk_out_100MHz                        | raymarcher/ss/msdi_4/dr_zr/drzr/approxmult_drzr/val_reg[1]_0 |                                                                         |              324 |            802 |         2.48 |
|  serial_and_pix_clks/inst/clk_out_100MHz                        | raymarcher/ss/msdi_2/dr_zr/drzr/approxmult_drzr/val_reg[1]_0 |                                                                         |              336 |            802 |         2.39 |
|  serial_and_pix_clks/inst/clk_out_100MHz                        | raymarcher/ss/msdi_2/tc/tc/sc2/out_valid_reg_reg[41]__0_0    |                                                                         |              508 |            890 |         1.75 |
|  serial_and_pix_clks/inst/clk_out_100MHz                        | raymarcher/ss/msdi_4/tc/tc/sc2/out_valid_reg_reg[41]__0_0    |                                                                         |              452 |            890 |         1.97 |
|  serial_and_pix_clks/inst/clk_out_100MHz                        | raymarcher/ss/msdi_3/tc/tc/sc2/out_valid_reg_reg[41]__0_0    |                                                                         |              557 |            890 |         1.60 |
|  serial_and_pix_clks/inst/clk_out_100MHz                        | raymarcher/ss/msdi_1/tc/tc/sc2/out_valid_reg_reg[41]__0_0    |                                                                         |              552 |            890 |         1.61 |
|  serial_and_pix_clks/inst/clk_out_100MHz                        | raymarcher/ss/ld/approxmult_dst3/val_reg[1]_0                |                                                                         |              379 |            955 |         2.52 |
|  serial_and_pix_clks/inst/clk_out_100MHz                        | raymarcher/ss/msdi_2/tc/tc/sc1/valid1_0                      |                                                                         |              712 |           5028 |         7.06 |
|  serial_and_pix_clks/inst/clk_out_100MHz                        | raymarcher/ss/msdi_4/tc/tc/sc1/valid1                        |                                                                         |              723 |           5028 |         6.95 |
|  serial_and_pix_clks/inst/clk_out_100MHz                        | raymarcher/ss/msdi_1/tc/tc/sc1/valid1_0                      |                                                                         |              702 |           5028 |         7.16 |
|  serial_and_pix_clks/inst/clk_out_100MHz                        | raymarcher/ss/msdi_3/tc/tc/sc1/valid1_0                      |                                                                         |              697 |           5028 |         7.21 |
|  serial_and_pix_clks/inst/clk_out_100MHz                        | raymarcher/ss/msdi_2/tp/tp/act1/CEA1                         |                                                                         |              740 |           5229 |         7.07 |
|  serial_and_pix_clks/inst/clk_out_100MHz                        | raymarcher/ss/msdi_4/tp/tp/act1/CEA1                         |                                                                         |              736 |           5229 |         7.10 |
|  serial_and_pix_clks/inst/clk_out_100MHz                        | raymarcher/ss/msdi_3/tp/tp/act1/CEA1                         |                                                                         |              743 |           5229 |         7.04 |
|  serial_and_pix_clks/inst/clk_out_100MHz                        | raymarcher/ss/msdi_1/tp/tp/act1/CEA1                         |                                                                         |              757 |           5229 |         6.91 |
|  serial_and_pix_clks/inst/clk_out_100MHz                        |                                                              |                                                                         |            10914 |          81572 |         7.47 |
+-----------------------------------------------------------------+--------------------------------------------------------------+-------------------------------------------------------------------------+------------------+----------------+--------------+


